------------------------------------------------------------
Timing Analyzer Summary
------------------------------------------------------------

Type  : Slow 1200mV 85C Model Setup 'inputlogic:inputLogicModule|debouncer:clk_debouncer|A'
Slack : -7.795
TNS   : -404.470

Type  : Slow 1200mV 85C Model Setup 'Clock_50MHz'
Slack : -4.243
TNS   : -114.337

Type  : Slow 1200mV 85C Model Hold 'Clock_50MHz'
Slack : 0.341
TNS   : 0.000

Type  : Slow 1200mV 85C Model Hold 'inputlogic:inputLogicModule|debouncer:clk_debouncer|A'
Slack : 0.348
TNS   : 0.000

Type  : Slow 1200mV 85C Model Minimum Pulse Width 'Clock_50MHz'
Slack : -3.000
TNS   : -50.702

Type  : Slow 1200mV 85C Model Minimum Pulse Width 'inputlogic:inputLogicModule|debouncer:clk_debouncer|A'
Slack : -1.403
TNS   : -101.016

Type  : Slow 1200mV 0C Model Setup 'inputlogic:inputLogicModule|debouncer:clk_debouncer|A'
Slack : -7.103
TNS   : -369.204

Type  : Slow 1200mV 0C Model Setup 'Clock_50MHz'
Slack : -3.880
TNS   : -103.485

Type  : Slow 1200mV 0C Model Hold 'Clock_50MHz'
Slack : 0.307
TNS   : 0.000

Type  : Slow 1200mV 0C Model Hold 'inputlogic:inputLogicModule|debouncer:clk_debouncer|A'
Slack : 0.312
TNS   : 0.000

Type  : Slow 1200mV 0C Model Minimum Pulse Width 'Clock_50MHz'
Slack : -3.000
TNS   : -50.702

Type  : Slow 1200mV 0C Model Minimum Pulse Width 'inputlogic:inputLogicModule|debouncer:clk_debouncer|A'
Slack : -1.403
TNS   : -101.016

Type  : Fast 1200mV 0C Model Setup 'inputlogic:inputLogicModule|debouncer:clk_debouncer|A'
Slack : -2.657
TNS   : -131.210

Type  : Fast 1200mV 0C Model Setup 'Clock_50MHz'
Slack : -1.292
TNS   : -28.886

Type  : Fast 1200mV 0C Model Hold 'Clock_50MHz'
Slack : 0.149
TNS   : 0.000

Type  : Fast 1200mV 0C Model Hold 'inputlogic:inputLogicModule|debouncer:clk_debouncer|A'
Slack : 0.151
TNS   : 0.000

Type  : Fast 1200mV 0C Model Minimum Pulse Width 'Clock_50MHz'
Slack : -3.000
TNS   : -38.215

Type  : Fast 1200mV 0C Model Minimum Pulse Width 'inputlogic:inputLogicModule|debouncer:clk_debouncer|A'
Slack : -1.000
TNS   : -72.000

------------------------------------------------------------
