------------------------------------------------------------
Timing Analyzer Summary
------------------------------------------------------------

Type  : Slow 1200mV 85C Model Setup 'Clock_50MHz'
Slack : -3.767
TNS   : -63.651

Type  : Slow 1200mV 85C Model Setup 'inputlogic:inputLogicModule|debouncer:clk_debouncer|A'
Slack : 0.108
TNS   : 0.000

Type  : Slow 1200mV 85C Model Hold 'inputlogic:inputLogicModule|debouncer:clk_debouncer|A'
Slack : 0.340
TNS   : 0.000

Type  : Slow 1200mV 85C Model Hold 'Clock_50MHz'
Slack : 0.629
TNS   : 0.000

Type  : Slow 1200mV 85C Model Minimum Pulse Width 'Clock_50MHz'
Slack : -3.000
TNS   : -26.851

Type  : Slow 1200mV 85C Model Minimum Pulse Width 'inputlogic:inputLogicModule|debouncer:clk_debouncer|A'
Slack : -1.403
TNS   : -2.806

Type  : Slow 1200mV 0C Model Setup 'Clock_50MHz'
Slack : -3.449
TNS   : -58.173

Type  : Slow 1200mV 0C Model Setup 'inputlogic:inputLogicModule|debouncer:clk_debouncer|A'
Slack : 0.180
TNS   : 0.000

Type  : Slow 1200mV 0C Model Hold 'inputlogic:inputLogicModule|debouncer:clk_debouncer|A'
Slack : 0.304
TNS   : 0.000

Type  : Slow 1200mV 0C Model Hold 'Clock_50MHz'
Slack : 0.580
TNS   : 0.000

Type  : Slow 1200mV 0C Model Minimum Pulse Width 'Clock_50MHz'
Slack : -3.000
TNS   : -26.851

Type  : Slow 1200mV 0C Model Minimum Pulse Width 'inputlogic:inputLogicModule|debouncer:clk_debouncer|A'
Slack : -1.403
TNS   : -2.806

Type  : Fast 1200mV 0C Model Setup 'Clock_50MHz'
Slack : -1.087
TNS   : -18.122

Type  : Fast 1200mV 0C Model Setup 'inputlogic:inputLogicModule|debouncer:clk_debouncer|A'
Slack : 0.616
TNS   : 0.000

Type  : Fast 1200mV 0C Model Hold 'inputlogic:inputLogicModule|debouncer:clk_debouncer|A'
Slack : 0.147
TNS   : 0.000

Type  : Fast 1200mV 0C Model Hold 'Clock_50MHz'
Slack : 0.244
TNS   : 0.000

Type  : Fast 1200mV 0C Model Minimum Pulse Width 'Clock_50MHz'
Slack : -3.000
TNS   : -20.470

Type  : Fast 1200mV 0C Model Minimum Pulse Width 'inputlogic:inputLogicModule|debouncer:clk_debouncer|A'
Slack : -1.000
TNS   : -2.000

------------------------------------------------------------
