------------------------------------------------------------
Timing Analyzer Summary
------------------------------------------------------------

Type  : Slow 1200mV 85C Model Setup 'inputlogic:inputLogicModule|debouncer:clk_debouncer|A'
Slack : -8.338
TNS   : -423.505

Type  : Slow 1200mV 85C Model Setup 'Clock_50MHz'
Slack : -4.319
TNS   : -113.629

Type  : Slow 1200mV 85C Model Hold 'Clock_50MHz'
Slack : 0.341
TNS   : 0.000

Type  : Slow 1200mV 85C Model Hold 'inputlogic:inputLogicModule|debouncer:clk_debouncer|A'
Slack : 0.349
TNS   : 0.000

Type  : Slow 1200mV 85C Model Minimum Pulse Width 'Clock_50MHz'
Slack : -3.000
TNS   : -50.702

Type  : Slow 1200mV 85C Model Minimum Pulse Width 'inputlogic:inputLogicModule|debouncer:clk_debouncer|A'
Slack : -1.403
TNS   : -101.016

Type  : Slow 1200mV 0C Model Setup 'inputlogic:inputLogicModule|debouncer:clk_debouncer|A'
Slack : -7.560
TNS   : -385.910

Type  : Slow 1200mV 0C Model Setup 'Clock_50MHz'
Slack : -3.954
TNS   : -103.126

Type  : Slow 1200mV 0C Model Hold 'Clock_50MHz'
Slack : 0.306
TNS   : 0.000

Type  : Slow 1200mV 0C Model Hold 'inputlogic:inputLogicModule|debouncer:clk_debouncer|A'
Slack : 0.312
TNS   : 0.000

Type  : Slow 1200mV 0C Model Minimum Pulse Width 'Clock_50MHz'
Slack : -3.000
TNS   : -50.702

Type  : Slow 1200mV 0C Model Minimum Pulse Width 'inputlogic:inputLogicModule|debouncer:clk_debouncer|A'
Slack : -1.403
TNS   : -101.016

Type  : Fast 1200mV 0C Model Setup 'inputlogic:inputLogicModule|debouncer:clk_debouncer|A'
Slack : -2.840
TNS   : -137.774

Type  : Fast 1200mV 0C Model Setup 'Clock_50MHz'
Slack : -1.321
TNS   : -28.647

Type  : Fast 1200mV 0C Model Hold 'Clock_50MHz'
Slack : 0.148
TNS   : 0.000

Type  : Fast 1200mV 0C Model Hold 'inputlogic:inputLogicModule|debouncer:clk_debouncer|A'
Slack : 0.151
TNS   : 0.000

Type  : Fast 1200mV 0C Model Minimum Pulse Width 'Clock_50MHz'
Slack : -3.000
TNS   : -38.156

Type  : Fast 1200mV 0C Model Minimum Pulse Width 'inputlogic:inputLogicModule|debouncer:clk_debouncer|A'
Slack : -1.000
TNS   : -72.000

------------------------------------------------------------
